=== Привітання ===
Як вас звати? Іван
Скільки вам років? 20
Привіт, Іван! Вам 20 років.
Сьогодні: 19.10.2025 12:12:24
Поточна папка: /c/Users/User/Documents/Git Projects
Файлів в папці: 1